kubuntu@kubuntu:~$ test -d /sys/firmware/efi && echo UEFI || echo Legacy
UEFI
kubuntu@kubuntu:~$ sudo lsblk -f
NAME FSTYPE FSVER LABEL                         UUID                                 FSAVAIL FSUSE% MOUNTPOINTS
loop0
    squash 4.0                                                                            0   100% /rofs
loop1
    squash 4.0                                                                            0   100% /snap/core24/1587
loop2
    squash 4.0                                                                            0   100% /snap/bare/5
loop3
    squash 4.0                                                                            0   100% /snap/firefox/8107
loop4
    squash 4.0                                                                            0   100% /snap/gnome-46-2404/153
loop5
    squash 4.0                                                                            0   100% /snap/gtk-common-themes/1535
loop6
    squash 4.0                                                                            0   100% /snap/gtk-theme-breeze/8
loop7
    squash 4.0                                                                            0   100% /snap/icon-theme-breeze/5
loop8
    squash 4.0                                                                            0   100% /snap/mesa-2404/1165
loop9
    squash 4.0                                                                            0   100% /snap/snapd/26865
loop10
    squash 4.0                                                                            0   100% /snap/thunderbird/1057
sda  iso966 Jolie Kubuntu 26.04 amd64           2026-04-23-01-04-38-00                               
├─sda1
│    iso966 Jolie Kubuntu 26.04 amd64           2026-04-23-01-04-38-00                     0   100% /cdrom
├─sda2
│    vfat   FAT12 ESP                           0190-D2E2                                            
├─sda3
│                                                                                                    
└─sda4
    ext4   1.0   writable                      8dcd6016-c07d-44e1-a948-2c6e4e950096    8.8G     2% /var/crash
                                                                                                   /var/log
nvme0n1
│                                                                                                    
├─nvme0n1p1
│    vfat   FAT32 SYSTEM                        D26A-16A9                                            
├─nvme0n1p2
│                                                                                                    
├─nvme0n1p3
│    BitLoc 2     LAPTOP-NGNJF77M OS 21/09/2023 6b5cd42a-b45a-41b3-b5b0-1948ae4bb647                 
├─nvme0n1p4
│    ntfs                                       E20A6B430A6B1437                                     
├─nvme0n1p5
│    vfat   FAT32 MYASUS                        4626-1E0F                                            
└─nvme0n1p6
    ext4   1.0   KUBUNTU                       8d4f6cfd-4168-42b5-ad02-e17f53ad69d8                 
kubuntu@kubuntu:~$ mount | grep -E 'efi|boot'
efivarfs on /sys/firmware/efi/efivars type efivarfs (rw,nosuid,nodev,noexec,relatime)
kubuntu@kubuntu:~$ sudo efibootmgr -v
BootCurrent: 0006
Timeout: 1 seconds
BootOrder: 0003,0005,0006
Boot0003* Windows Boot Manager  HD(1,GPT,5956c90f-6591-45b7-8648-74ed908a8b52,0x800,0x82000)/\EFI\MICROSOFT\BOOT\BOOTMGFW.EFI57494e444f575300010000008800000078000
0004200430044004f0042004a004500430054003d007b00390064006500610038003600320063002d0035006300640064002d0034006500370030002d0061006300630031002d006600330032006200330
034003400640034003700390035007d00000000000100000010000000040000007fff0400
     dp: 04 01 2a 00 01 00 00 00 00 08 00 00 00 00 00 00 00 20 08 00 00 00 00 00 0f c9 56 59 91 65 b7 45 86 48 74 ed 90 8a 8b 52 02 02 / 04 04 46 00 5c 00 45 00
46 00 49 00 5c 00 4d 00 49 00 43 00 52 00 4f 00 53 00 4f 00 46 00 54 00 5c 00 42 00 4f 00 4f 00 54 00 5c 00 42 00 4f 00 4f 00 54 00 4d 00 47 00 46 00 57 00 2e 00
45 00 46 00 49 00 00 00 / 7f ff 04 00
   data: 57 49 4e 44 4f 57 53 00 01 00 00 00 88 00 00 00 78 00 00 00 42 00 43 00 44 00 4f 00 42 00 4a 00 45 00 43 00 54 00 3d 00 7b 00 39 00 64 00 65 00 61 00 38
00 36 00 32 00 63 00 2d 00 35 00 63 00 64 00 64 00 2d 00 34 00 65 00 37 00 30 00 2d 00 61 00 63 00 63 00 31 00 2d 00 66 00 33 00 32 00 62 00 33 00 34 00 34 00 64
00 34 00 37 00 39 00 35 00 7d 00 00 00 00 00 01 00 00 00 10 00 00 00 04 00 00 00 7f ff 04 00
Boot0005* ubuntu        HD(1,GPT,5956c90f-6591-45b7-8648-74ed908a8b52,0x800,0x82000)/\EFI\ubuntu\shimx64.efi0000424f
     dp: 04 01 2a 00 01 00 00 00 00 08 00 00 00 00 00 00 00 20 08 00 00 00 00 00 0f c9 56 59 91 65 b7 45 86 48 74 ed 90 8a 8b 52 02 02 / 04 04 34 00 5c 00 45 00
46 00 49 00 5c 00 75 00 62 00 75 00 6e 00 74 00 75 00 5c 00 73 00 68 00 69 00 6d 00 78 00 36 00 34 00 2e 00 65 00 66 00 69 00 00 00 / 7f ff 04 00
   data: 00 00 42 4f
Boot0006* UEFI: Intenso Business Line 8.07, Partition 2 PciRoot(0x0)/Pci(0x14,0x0)/USB(3,0)/HD(2,GPT,c6acf484-c9b0-415b-91d9-9402cbea775e,0x96e56c,0x2838)0000424f
     dp: 02 01 0c 00 d0 41 03 0a 00 00 00 00 / 01 01 06 00 00 14 / 03 05 06 00 03 00 / 04 01 2a 00 02 00 00 00 6c e5 96 00 00 00 00 00 38 28 00 00 00 00 00 00 84
f4 ac c6 b0 c9 5b 41 91 d9 94 02 cb ea 77 5e 02 02 / 7f ff 04 00
   data: 00 00 42 4f
kubuntu@kubuntu:~$ findmnt /boot/efi
kubuntu@kubuntu:~$ sudo mount /dev/nvme0n1p6 /mnt
kubuntu@kubuntu:~$ sudo mkdir -p /mnt/boot/efi
kubuntu@kubuntu:~$ sudo mount /dev/nvme0n1p1 /mnt/boot/efi
kubuntu@kubuntu:~$ findmnt /mnt/boot/efi
TARGET        SOURCE         FSTYPE OPTIONS
/mnt/boot/efi /dev/nvme0n1p1 vfat   rw,relatime,fmask=0022,dmask=0022,codepage=437,iocharset=iso8859-1,shortname=mixed,errors=remount-ro
kubuntu@kubuntu:~$ sudo mount --bind /dev/ /mnt/dev
kubuntu@kubuntu:~$ sudo mount --bind /dev/pts /mnt/dev/pts
kubuntu@kubuntu:~$ sudo mount -t proc /proc /mnt/proc
kubuntu@kubuntu:~$ sudo mount -t sysfs /sys /mnt/sys
kubuntu@kubuntu:~$ sudo mount -t efivarsfs efivarsfs /mnt/sys/firmware/efi/efivars
mount: /mnt/sys/firmware/efi/efivars: unknown filesystem type 'efivarsfs'.
      dmesg(1) may have more information after failed mount system call.
kubuntu@kubuntu:~$ sudo mount -t efivarfs efivarfs /mnt/sys/firmware/efi/efivars
kubuntu@kubuntu:~$ sudo chroot /mnt
root@kubuntu:/# mount | grep efi
/dev/nvme0n1p1 on /boot/efi type vfat (rw,relatime,fmask=0022,dmask=0022,codepage=437,iocharset=iso8859-1,shortname=mixed,errors=remount-ro)
efivarfs on /sys/firmware/efi/efivars type efivarfs (rw,relatime)
root@kubuntu:/# dpkg -l | grep -E 'grub|shim'
ii  grub-common                                              2.14-2ubuntu2                              amd64        GRand Unified Bootloader, version 2 (dummy pa
ckage)
ii  grub-efi-amd64-bin                                       2.14-2ubuntu1                              amd64        GRand Unified Bootloader, version 2 (EFI-AMD6
4 modules)
ii  grub-efi-amd64-signed                                    1.215+2.14-2ubuntu1                        amd64        GRand Unified Bootloader, version 2 (EFI-AMD6
4 version, signed)
ii  grub-efi-amd64-unsigned                                  2.14-2ubuntu1                              amd64        GRand Unified Bootloader, version 2 (EFI-AMD6
4 images)
ii  grub-gfxpayload-lists                                    0.7build3                                  amd64        GRUB gfxpayload blacklist
ii  grub-pc                                                  2.14-2ubuntu2                              amd64        GRand Unified Bootloader, version 2 (PC/BIOS
version)
ii  grub-pc-bin                                              2.14-2ubuntu2                              amd64        GRand Unified Bootloader, version 2 (PC/BIOS
modules)
ii  grub-theme-breeze                                        6.6.4-0ubuntu1                             amd64        Breeze theme for GRUB 2
ii  grub2-common                                             2.14-2ubuntu2                              amd64        GRand Unified Bootloader (common files for ve
rsion 2)
ii  shim-signed                                              1.59+15.8-0ubuntu2                         amd64        Secure Boot chain-loading bootloader (Microso
ft-signed binary)
root@kubuntu:/# ls -l /boot/efi/EFI/ubuntu/
total 4560
-rwxr-xr-x 1 root root     112 Aug 29 13:33 BOOTX64.CSV
-rwxr-xr-x 1 root root     117 Aug 29 13:33 grub.cfg
-rwxr-xr-x 1 root root 2828168 Aug 29 13:33 grubx64.efi
-rwxr-xr-x 1 root root  856280 Aug 29 13:33 mmx64.efi
-rwxr-xr-x 1 root root  966768 Aug 29 13:33 shimx64.efi
root@kubuntu:/# cat /boot/efi/EFI/ubuntu/grub.cfg
search.fs_uuid 8d4f6cfd-4168-42b5-ad02-e17f53ad69d8 root  
set prefix=($root)'/boot/grub'
configfile $prefix/grub.cfg
root@kubuntu:/# ls -l /boot/grub/
total 2392
drwxr-xr-x 2 root root    4096 Aug 29 13:33 fonts
-rw-r--r-- 1 root root     712 Apr 23 01:47 gfxblacklist.txt
-rw-r--r-- 1 root root    1024 Aug 29 13:33 grubenv
drwxr-xr-x 2 root root    4096 Aug 29 13:33 locale
-rw-r--r-- 1 root root 2413171 Apr 23 01:47 unicode.pf2
drwxr-xr-x 2 root root   16384 Aug 29 13:33 x86_64-efi
root@kubuntu:/# cat /etc/fstab
# /etc/fstab: static file system information.
#
# Use 'blkid' to print the universally unique identifier for a device; this may
# be used with UUID= as a more robust way to name devices that works even if
# disks are added and removed. See fstab(5).
#
# <file system>             <mount point>  <type>  <options>  <dump>  <pass>
UUID=D26A-16A9                            /boot/efi      vfat    defaults   0 2
UUID=8d4f6cfd-4168-42b5-ad02-e17f53ad69d8 /              ext4    defaults   0 1
/swapfile                                 swap           swap    defaults   0 0
tmpfs                                     /tmp           tmpfs   defaults,noatime,mode=1777 0 0
root@kubuntu:/# ls -l /boot/grub/grub.cfg
ls: cannot access '/boot/grub/grub.cfg': No such file or directory
root@kubuntu:/# update-grub
Sourcing file `/etc/default/grub'
Generating grub configuration file ...
Found linux image: /boot/vmlinuz-7.0.0-14-generic
Found initrd image: /boot/initrd.img-7.0.0-14-generic
Found memtest86+ 64bit EFI image: /boot/mt86+x64
Found memtest86+ 32bit EFI image: /boot/mt86+ia32
Found memtest86+ 64bit image: /boot/mt86+x64
Found memtest86+ 32bit image: /boot/mt86+ia32
Warning: os-prober will be executed to detect other bootable partitions.
Its output will be used to detect bootable binaries on them and create new boot entries.
Adding boot menu entry for UEFI Firmware Settings ...
done
root@kubuntu:/# ls -lh /boot/grub/grub.cfg
-rw------- 1 root root 9.0K Aug 29 14:13 /boot/grub/grub.cfg
root@kubuntu:/# grep -i "Windows" /boot/grub/grub.cfg
root@kubuntu:/# grub-install --version
grub-install (GRUB) 2.14-2ubuntu2
root@kubuntu:/# mokutil --sb-state
SecureBoot enabled
root@kubuntu:/# ls -l /boot/efi/EFI/ubuntu/
total 4560
-rwxr-xr-x 1 root root     112 Aug 29 13:33 BOOTX64.CSV
-rwxr-xr-x 1 root root     117 Aug 29 13:33 grub.cfg
-rwxr-xr-x 1 root root 2828168 Aug 29 13:33 grubx64.efi
-rwxr-xr-x 1 root root  856280 Aug 29 13:33 mmx64.efi
-rwxr-xr-x 1 root root  966768 Aug 29 13:33 shimx64.efi
root@kubuntu:/# ls -lh /boot/vmlinuz-* /boot/initrd.img-*
-rw------- 1 root root 90M Aug 29 13:32 /boot/initrd.img-7.0.0-14-generic
-rw------- 1 root root 17M Aug 29 13:32 /boot/vmlinuz-7.0.0-14-generic
root@kubuntu:/# grub-script-check /boot/grub/grub.cfg
root@kubuntu:/# search.fs_uuid 8d4f6cfd-4168-42b5-ad02-e17f53ad69d8 root
set prefix=($root)'/boot/grub'
configfile $prefix/grub.cfg
search.fs_uuid: command not found
bash: syntax error near unexpected token `('
configfile: command not found
root@kubuntu:/# test -r /boot/efi/EFI/ubuntu/shimx64.efi && echo "shim OK"
test -r /boot/efi/EFI/ubuntu/grubx64.efi && echo "GRUB OK"
shim OK
GRUB OK
root@kubuntu:/# cat /boot/efi/EFI/ubuntu/grub.cfg
search.fs_uuid 8d4f6cfd-4168-42b5-ad02-e17f53ad69d8 root  
set prefix=($root)'/boot/grub'
configfile $prefix/grub.cfg
root@kubuntu:/# efibootmgr -v
BootCurrent: 0006
Timeout: 1 seconds
BootOrder: 0003,0005,0006
Boot0003* Windows Boot Manager  HD(1,GPT,5956c90f-6591-45b7-8648-74ed908a8b52,0x800,0x82000)/\EFI\MICROSOFT\BOOT\BOOTMGFW.EFI57494e444f575300010000008800000078000
0004200430044004f0042004a004500430054003d007b00390064006500610038003600320063002d0035006300640064002d0034006500370030002d0061006300630031002d006600330032006200330
034003400640034003700390035007d00000000000100000010000000040000007fff0400
     dp: 04 01 2a 00 01 00 00 00 00 08 00 00 00 00 00 00 00 20 08 00 00 00 00 00 0f c9 56 59 91 65 b7 45 86 48 74 ed 90 8a 8b 52 02 02 / 04 04 46 00 5c 00 45 00
46 00 49 00 5c 00 4d 00 49 00 43 00 52 00 4f 00 53 00 4f 00 46 00 54 00 5c 00 42 00 4f 00 4f 00 54 00 5c 00 42 00 4f 00 4f 00 54 00 4d 00 47 00 46 00 57 00 2e 00
45 00 46 00 49 00 00 00 / 7f ff 04 00
   data: 57 49 4e 44 4f 57 53 00 01 00 00 00 88 00 00 00 78 00 00 00 42 00 43 00 44 00 4f 00 42 00 4a 00 45 00 43 00 54 00 3d 00 7b 00 39 00 64 00 65 00 61 00 38
00 36 00 32 00 63 00 2d 00 35 00 63 00 64 00 64 00 2d 00 34 00 65 00 37 00 30 00 2d 00 61 00 63 00 63 00 31 00 2d 00 66 00 33 00 32 00 62 00 33 00 34 00 34 00 64
00 34 00 37 00 39 00 35 00 7d 00 00 00 00 00 01 00 00 00 10 00 00 00 04 00 00 00 7f ff 04 00
Boot0005* ubuntu        HD(1,GPT,5956c90f-6591-45b7-8648-74ed908a8b52,0x800,0x82000)/\EFI\ubuntu\shimx64.efi0000424f
     dp: 04 01 2a 00 01 00 00 00 00 08 00 00 00 00 00 00 00 20 08 00 00 00 00 00 0f c9 56 59 91 65 b7 45 86 48 74 ed 90 8a 8b 52 02 02 / 04 04 34 00 5c 00 45 00
46 00 49 00 5c 00 75 00 62 00 75 00 6e 00 74 00 75 00 5c 00 73 00 68 00 69 00 6d 00 78 00 36 00 34 00 2e 00 65 00 66 00 69 00 00 00 / 7f ff 04 00
   data: 00 00 42 4f
Boot0006* UEFI: Intenso Business Line 8.07, Partition 2 PciRoot(0x0)/Pci(0x14,0x0)/USB(3,0)/HD(2,GPT,c6acf484-c9b0-415b-91d9-9402cbea775e,0x96e56c,0x2838)0000424f
     dp: 02 01 0c 00 d0 41 03 0a 00 00 00 00 / 01 01 06 00 00 14 / 03 05 06 00 03 00 / 04 01 2a 00 02 00 00 00 6c e5 96 00 00 00 00 00 38 28 00 00 00 00 00 00 84
f4 ac c6 b0 c9 5b 41 91 d9 94 02 cb ea 77 5e 02 02 / 7f ff 04 00
   data: 00 00 42 4f
root@kubuntu:/# findmnt /boot/efi
TARGET    SOURCE         FSTYPE OPTIONS
/boot/efi /dev/nvme0n1p1 vfat   rw,relatime,fmask=0022,dmask=0022,codepage=437,iocharset=iso8859-1,shortname=mixed,errors=remount-ro
root@kubuntu:/# ls -l /boot/efi/EFI/Microsoft/Boot/bootmgfw.efi
-rwxr-xr-x 1 root root 1698736 Oct 30  2025 /boot/efi/EFI/Microsoft/Boot/bootmgfw.efi
root@kubuntu:/# ^C
root@kubuntu:/#